EN mux4x1_struct_src NULL "C:/Users/suvra/OneDrive/Desktop/Competitive Programming/UCSTA/VHDL Xilinx/mux4x1_struct/mux4x1_struct_src.vhd" sub00/vhpl00 1620395124
AR mux2x1 mux2x1_arch "C:/Users/suvra/OneDrive/Desktop/Competitive Programming/UCSTA/VHDL Xilinx/mux4x1_struct/mux2x1.vhd" sub00/vhpl03 1620395123
EN mux2x1 NULL "C:/Users/suvra/OneDrive/Desktop/Competitive Programming/UCSTA/VHDL Xilinx/mux4x1_struct/mux2x1.vhd" sub00/vhpl02 1620395122
AR mux4x1_struct_src structural "C:/Users/suvra/OneDrive/Desktop/Competitive Programming/UCSTA/VHDL Xilinx/mux4x1_struct/mux4x1_struct_src.vhd" sub00/vhpl01 1620395125
