EN traffic_light NULL "C:/Users/suvra/OneDrive/Desktop/Competitive Programming/UCSTA/VHDL Xilinx/TrafficLightSim/TrafficLightSim.vhd" sub00/vhpl00 1625297140
AR traffic_light fsm "C:/Users/suvra/OneDrive/Desktop/Competitive Programming/UCSTA/VHDL Xilinx/TrafficLightSim/TrafficLightSim.vhd" sub00/vhpl01 1625297141
