EN traffic_light_src NULL "C:/Users/suvra/OneDrive/Desktop/Competitive Programming/UCSTA/VHDL Xilinx/Traffic_Light_Behavioural/Traffic_Light_src.vhd" sub00/vhpl00 1625430648
AR traffic_light_src behavioral "C:/Users/suvra/OneDrive/Desktop/Competitive Programming/UCSTA/VHDL Xilinx/Traffic_Light_Behavioural/Traffic_Light_src.vhd" sub00/vhpl01 1625430649
