V3 51
FL "C:/Users/suvra/OneDrive/Desktop/Competitive Programming/UCSTA/VHDL Xilinx/SSD_DEC_STRCTL/and_gate2.vhd" 2021/05/10.11:17:16 J.36
EN isim_temp/and_gate2 1620629931 \
      FL "C:/Users/suvra/OneDrive/Desktop/Competitive Programming/UCSTA/VHDL Xilinx/SSD_DEC_STRCTL/and_gate2.vhd" \
      PB ieee/std_logic_1164 1179176983 PB ieee/std_logic_arith 1179176985 \
      PB ieee/STD_LOGIC_UNSIGNED 1179176991
AR isim_temp/and_gate2/and_gate2_dflow 1620629932 \
      FL "C:/Users/suvra/OneDrive/Desktop/Competitive Programming/UCSTA/VHDL Xilinx/SSD_DEC_STRCTL/and_gate2.vhd" \
      EN isim_temp/and_gate2 1620629931
FL "C:/Users/suvra/OneDrive/Desktop/Competitive Programming/UCSTA/VHDL Xilinx/SSD_DEC_STRCTL/a_signal_out.vhd" 2021/05/10.12:10:04 J.36
EN isim_temp/a_signal_out 1620629937 \
      FL "C:/Users/suvra/OneDrive/Desktop/Competitive Programming/UCSTA/VHDL Xilinx/SSD_DEC_STRCTL/a_signal_out.vhd" \
      PB ieee/std_logic_1164 1179176983 PB ieee/std_logic_arith 1179176985 \
      PB ieee/STD_LOGIC_UNSIGNED 1179176991
AR isim_temp/a_signal_out/a_signal_out_strctl 1620629938 \
      FL "C:/Users/suvra/OneDrive/Desktop/Competitive Programming/UCSTA/VHDL Xilinx/SSD_DEC_STRCTL/a_signal_out.vhd" \
      EN isim_temp/a_signal_out 1620629937 CP xnor_gate2 CP or_gate2
FL "C:/Users/suvra/OneDrive/Desktop/Competitive Programming/UCSTA/VHDL Xilinx/SSD_DEC_STRCTL/b_signal_out.vhd" 2021/05/10.12:10:04 J.36
EN isim_temp/b_signal_out 1620629939 \
      FL "C:/Users/suvra/OneDrive/Desktop/Competitive Programming/UCSTA/VHDL Xilinx/SSD_DEC_STRCTL/b_signal_out.vhd" \
      PB ieee/std_logic_1164 1179176983 PB ieee/std_logic_arith 1179176985 \
      PB ieee/STD_LOGIC_UNSIGNED 1179176991
AR isim_temp/b_signal_out/b_signal_out_strcl 1620629940 \
      FL "C:/Users/suvra/OneDrive/Desktop/Competitive Programming/UCSTA/VHDL Xilinx/SSD_DEC_STRCTL/b_signal_out.vhd" \
      EN isim_temp/b_signal_out 1620629939 CP xnor_gate2 CP inverter CP or_gate2
FL "C:/Users/suvra/OneDrive/Desktop/Competitive Programming/UCSTA/VHDL Xilinx/SSD_DEC_STRCTL/c_signal_out.vhd" 2021/05/10.12:10:04 J.36
EN isim_temp/c_signal_out 1620629941 \
      FL "C:/Users/suvra/OneDrive/Desktop/Competitive Programming/UCSTA/VHDL Xilinx/SSD_DEC_STRCTL/c_signal_out.vhd" \
      PB ieee/std_logic_1164 1179176983 PB ieee/std_logic_arith 1179176985 \
      PB ieee/STD_LOGIC_UNSIGNED 1179176991
AR isim_temp/c_signal_out/c_signal_out_strcl 1620629942 \
      FL "C:/Users/suvra/OneDrive/Desktop/Competitive Programming/UCSTA/VHDL Xilinx/SSD_DEC_STRCTL/c_signal_out.vhd" \
      EN isim_temp/c_signal_out 1620629941 CP inverter CP or_gate2
FL "C:/Users/suvra/OneDrive/Desktop/Competitive Programming/UCSTA/VHDL Xilinx/SSD_DEC_STRCTL/d_signal_out.vhd" 2021/05/10.12:10:05 J.36
EN isim_temp/d_signal_out 1620629943 \
      FL "C:/Users/suvra/OneDrive/Desktop/Competitive Programming/UCSTA/VHDL Xilinx/SSD_DEC_STRCTL/d_signal_out.vhd" \
      PB ieee/std_logic_1164 1179176983 PB ieee/std_logic_arith 1179176985 \
      PB ieee/STD_LOGIC_UNSIGNED 1179176991
AR isim_temp/d_signal_out/d_signal_out_strcl 1620629944 \
      FL "C:/Users/suvra/OneDrive/Desktop/Competitive Programming/UCSTA/VHDL Xilinx/SSD_DEC_STRCTL/d_signal_out.vhd" \
      EN isim_temp/d_signal_out 1620629943 CP inverter CP or_gate2 CP xor_gate2 \
      CP and_gate2
FL "C:/Users/suvra/OneDrive/Desktop/Competitive Programming/UCSTA/VHDL Xilinx/SSD_DEC_STRCTL/e_signal_out.vhd" 2021/05/10.12:10:05 J.36
EN isim_temp/e_signal_out 1620629945 \
      FL "C:/Users/suvra/OneDrive/Desktop/Competitive Programming/UCSTA/VHDL Xilinx/SSD_DEC_STRCTL/e_signal_out.vhd" \
      PB ieee/std_logic_1164 1179176983 PB ieee/std_logic_arith 1179176985 \
      PB ieee/STD_LOGIC_UNSIGNED 1179176991
AR isim_temp/e_signal_out/e_signal_out_strcl 1620629946 \
      FL "C:/Users/suvra/OneDrive/Desktop/Competitive Programming/UCSTA/VHDL Xilinx/SSD_DEC_STRCTL/e_signal_out.vhd" \
      EN isim_temp/e_signal_out 1620629945 CP inverter CP or_gate2 CP and_gate2
FL "C:/Users/suvra/OneDrive/Desktop/Competitive Programming/UCSTA/VHDL Xilinx/SSD_DEC_STRCTL/f_signal_out.vhd" 2021/05/10.12:10:05 J.36
EN isim_temp/f_signal_out 1620629947 \
      FL "C:/Users/suvra/OneDrive/Desktop/Competitive Programming/UCSTA/VHDL Xilinx/SSD_DEC_STRCTL/f_signal_out.vhd" \
      PB ieee/std_logic_1164 1179176983 PB ieee/std_logic_arith 1179176985 \
      PB ieee/STD_LOGIC_UNSIGNED 1179176991
AR isim_temp/f_signal_out/f_signal_out_strcl 1620629948 \
      FL "C:/Users/suvra/OneDrive/Desktop/Competitive Programming/UCSTA/VHDL Xilinx/SSD_DEC_STRCTL/f_signal_out.vhd" \
      EN isim_temp/f_signal_out 1620629947 CP inverter CP or_gate2 CP and_gate2
FL "C:/Users/suvra/OneDrive/Desktop/Competitive Programming/UCSTA/VHDL Xilinx/SSD_DEC_STRCTL/g_signal_out.vhd" 2021/05/10.12:10:04 J.36
EN isim_temp/g_signal_out 1620629949 \
      FL "C:/Users/suvra/OneDrive/Desktop/Competitive Programming/UCSTA/VHDL Xilinx/SSD_DEC_STRCTL/g_signal_out.vhd" \
      PB ieee/std_logic_1164 1179176983 PB ieee/std_logic_arith 1179176985 \
      PB ieee/STD_LOGIC_UNSIGNED 1179176991
AR isim_temp/g_signal_out/g_signal_out_strcl 1620629950 \
      FL "C:/Users/suvra/OneDrive/Desktop/Competitive Programming/UCSTA/VHDL Xilinx/SSD_DEC_STRCTL/g_signal_out.vhd" \
      EN isim_temp/g_signal_out 1620629949 CP xor_gate2 CP inverter CP and_gate2 \
      CP or_gate2
FL "C:/Users/suvra/OneDrive/Desktop/Competitive Programming/UCSTA/VHDL Xilinx/SSD_DEC_STRCTL/inverter.vhd" 2021/05/10.11:17:17 J.36
EN isim_temp/inverter 1620629929 \
      FL "C:/Users/suvra/OneDrive/Desktop/Competitive Programming/UCSTA/VHDL Xilinx/SSD_DEC_STRCTL/inverter.vhd" \
      PB ieee/std_logic_1164 1179176983 PB ieee/std_logic_arith 1179176985 \
      PB ieee/STD_LOGIC_UNSIGNED 1179176991
AR isim_temp/inverter/inv_dflow 1620629930 \
      FL "C:/Users/suvra/OneDrive/Desktop/Competitive Programming/UCSTA/VHDL Xilinx/SSD_DEC_STRCTL/inverter.vhd" \
      EN isim_temp/inverter 1620629929
FL "C:/Users/suvra/OneDrive/Desktop/Competitive Programming/UCSTA/VHDL Xilinx/SSD_DEC_STRCTL/or_gate2.vhd" 2021/05/10.11:17:17 J.36
EN isim_temp/or_gate2 1620629933 \
      FL "C:/Users/suvra/OneDrive/Desktop/Competitive Programming/UCSTA/VHDL Xilinx/SSD_DEC_STRCTL/or_gate2.vhd" \
      PB ieee/std_logic_1164 1179176983 PB ieee/std_logic_arith 1179176985 \
      PB ieee/STD_LOGIC_UNSIGNED 1179176991
AR isim_temp/or_gate2/or_gate_dflow 1620629934 \
      FL "C:/Users/suvra/OneDrive/Desktop/Competitive Programming/UCSTA/VHDL Xilinx/SSD_DEC_STRCTL/or_gate2.vhd" \
      EN isim_temp/or_gate2 1620629933
FL "C:/Users/suvra/OneDrive/Desktop/Competitive Programming/UCSTA/VHDL Xilinx/SSD_DEC_STRCTL/SSD_DEC_STRCL.vhd" 2021/05/10.12:11:24 J.36
EN isim_temp/SevenSegmentDecoder_Struct 1620629951 \
      FL "C:/Users/suvra/OneDrive/Desktop/Competitive Programming/UCSTA/VHDL Xilinx/SSD_DEC_STRCTL/SSD_DEC_STRCL.vhd" \
      PB ieee/std_logic_1164 1179176983 PB ieee/std_logic_arith 1179176985 \
      PB ieee/STD_LOGIC_UNSIGNED 1179176991
AR isim_temp/SevenSegmentDecoder_Struct/Structural 1620629952 \
      FL "C:/Users/suvra/OneDrive/Desktop/Competitive Programming/UCSTA/VHDL Xilinx/SSD_DEC_STRCTL/SSD_DEC_STRCL.vhd" \
      EN isim_temp/SevenSegmentDecoder_Struct 1620629951 CP a_signal_out \
      CP b_signal_out CP c_signal_out CP d_signal_out CP e_signal_out \
      CP f_signal_out CP g_signal_out
FL "C:/Users/suvra/OneDrive/Desktop/Competitive Programming/UCSTA/VHDL Xilinx/SSD_DEC_STRCTL/xnor_gate2.vhd" 2021/05/10.11:17:20 J.36
EN isim_temp/xnor_gate2 1620629935 \
      FL "C:/Users/suvra/OneDrive/Desktop/Competitive Programming/UCSTA/VHDL Xilinx/SSD_DEC_STRCTL/xnor_gate2.vhd" \
      PB ieee/std_logic_1164 1179176983 PB ieee/std_logic_arith 1179176985 \
      PB ieee/STD_LOGIC_UNSIGNED 1179176991
AR isim_temp/xnor_gate2/xnor_gate2_dflow 1620629936 \
      FL "C:/Users/suvra/OneDrive/Desktop/Competitive Programming/UCSTA/VHDL Xilinx/SSD_DEC_STRCTL/xnor_gate2.vhd" \
      EN isim_temp/xnor_gate2 1620629935
FL "C:/Users/suvra/OneDrive/Desktop/Competitive Programming/UCSTA/VHDL Xilinx/SSD_DEC_STRCTL/xor_gate2.vhd" 2021/05/10.11:17:20 J.36
EN isim_temp/xor_gate2 1620629927 \
      FL "C:/Users/suvra/OneDrive/Desktop/Competitive Programming/UCSTA/VHDL Xilinx/SSD_DEC_STRCTL/xor_gate2.vhd" \
      PB ieee/std_logic_1164 1179176983 PB ieee/std_logic_arith 1179176985 \
      PB ieee/STD_LOGIC_UNSIGNED 1179176991
AR isim_temp/xor_gate2/xor_gate2_dflow 1620629928 \
      FL "C:/Users/suvra/OneDrive/Desktop/Competitive Programming/UCSTA/VHDL Xilinx/SSD_DEC_STRCTL/xor_gate2.vhd" \
      EN isim_temp/xor_gate2 1620629927
