EN alpha_tb NULL "C:/Users/suvra/OneDrive/Desktop/Competitive Programming/UCSTA/VHDL Xilinx/alpha/alpha_tb.vhw" sub00/vhpl02 1620199442
EN alpha_src NULL "C:/Users/suvra/OneDrive/Desktop/Competitive Programming/UCSTA/VHDL Xilinx/alpha/alpha_src.vhd" sub00/vhpl00 1620199440
AR alpha_tb testbench_arch "C:/Users/suvra/OneDrive/Desktop/Competitive Programming/UCSTA/VHDL Xilinx/alpha/alpha_tb.vhw" sub00/vhpl03 1620199443
AR alpha_src behavioral "C:/Users/suvra/OneDrive/Desktop/Competitive Programming/UCSTA/VHDL Xilinx/alpha/alpha_src.vhd" sub00/vhpl01 1620199441
