EN sevensegmentdecoder_dataflow_src NULL "C:/Users/suvra/OneDrive/Desktop/Competitive Programming/UCSTA/VHDL Xilinx/SevenSegmentDecoder_dataflow/SevenSegmentDecoder_dataflow_src.vhd" sub00/vhpl00 1620639478
AR sevensegmentdecoder_dataflow_src dataflow "C:/Users/suvra/OneDrive/Desktop/Competitive Programming/UCSTA/VHDL Xilinx/SevenSegmentDecoder_dataflow/SevenSegmentDecoder_dataflow_src.vhd" sub00/vhpl01 1620639479
