V3 10
FL "C:/Users/suvra/OneDrive/Desktop/Competitive Programming/UCSTA/VHDL Xilinx/SevenSegmentDecoder_dataflow/SevenSegmentDecoder_dataflow_src.vhd" 2021/05/10.13:01:44 J.36
EN work/SevenSegmentDecoder_dataflow_src 1620632529 \
      FL "C:/Users/suvra/OneDrive/Desktop/Competitive Programming/UCSTA/VHDL Xilinx/SevenSegmentDecoder_dataflow/SevenSegmentDecoder_dataflow_src.vhd" \
      PB ieee/std_logic_1164 1179176983 PB ieee/std_logic_arith 1179176985 \
      PB ieee/STD_LOGIC_UNSIGNED 1179176991
AR work/SevenSegmentDecoder_dataflow_src/Dataflow 1620632530 \
      FL "C:/Users/suvra/OneDrive/Desktop/Competitive Programming/UCSTA/VHDL Xilinx/SevenSegmentDecoder_dataflow/SevenSegmentDecoder_dataflow_src.vhd" \
      EN work/SevenSegmentDecoder_dataflow_src 1620632529
FL "C:/Users/suvra/OneDrive/Desktop/Competitive Programming/UCSTA/VHDL Xilinx/SevenSegmentDecoder_dataflow/SevenSegmentDecoder_dataflow_tb.vhw" 2021/05/08.11:27:54 J.36
EN work/SevenSegmentDecoder_dataflow_tb 1620453477 \
      FL "C:/Users/suvra/OneDrive/Desktop/Competitive Programming/UCSTA/VHDL Xilinx/SevenSegmentDecoder_dataflow/SevenSegmentDecoder_dataflow_tb.vhw" \
      PB ieee/std_logic_1164 1179176983 PB ieee/std_logic_arith 1179176985 \
      PB ieee/STD_LOGIC_UNSIGNED 1179176991 PB ieee/STD_LOGIC_TEXTIO 1179176993 \
      PB std/textio 1179176969
AR work/SevenSegmentDecoder_dataflow_tb/testbench_arch 1620453478 \
      FL "C:/Users/suvra/OneDrive/Desktop/Competitive Programming/UCSTA/VHDL Xilinx/SevenSegmentDecoder_dataflow/SevenSegmentDecoder_dataflow_tb.vhw" \
      EN work/SevenSegmentDecoder_dataflow_tb 1620453477 \
      CP SevenSegmentDecoder_dataflow_src
FL "C:/Users/suvra/OneDrive/Desktop/Competitive Programming/UCSTA/VHDL Xilinx/SevenSegmentDecoder_dataflow/SevenSegmentDecoder_datafow_tb.vhw" 2021/05/10.13:02:31 J.36
EN work/SevenSegmentDecoder_datafow_tb 1620632531 \
      FL "C:/Users/suvra/OneDrive/Desktop/Competitive Programming/UCSTA/VHDL Xilinx/SevenSegmentDecoder_dataflow/SevenSegmentDecoder_datafow_tb.vhw" \
      PB ieee/std_logic_1164 1179176983 PB ieee/std_logic_arith 1179176985 \
      PB ieee/STD_LOGIC_UNSIGNED 1179176991 PB ieee/STD_LOGIC_TEXTIO 1179176993 \
      PB std/textio 1179176969
AR work/SevenSegmentDecoder_datafow_tb/testbench_arch 1620632532 \
      FL "C:/Users/suvra/OneDrive/Desktop/Competitive Programming/UCSTA/VHDL Xilinx/SevenSegmentDecoder_dataflow/SevenSegmentDecoder_datafow_tb.vhw" \
      EN work/SevenSegmentDecoder_datafow_tb 1620632531 \
      CP SevenSegmentDecoder_dataflow_src
