AR updown_count behavioral "C:/Users/suvra/OneDrive/Desktop/Competitive Programming/UCSTA/VHDL Xilinx/Counter_UP_DOWN_4bit_Sync_Behavioural/Counter_UP_DOWN_4bit_Sync_Behavioral_src.vhd" sub00/vhpl01 1625414224
EN counter_ud_bhv NULL "C:/Users/suvra/OneDrive/Desktop/Competitive Programming/UCSTA/VHDL Xilinx/Counter_UP_DOWN_4bit_Sync_Behavioural/Counter_UP_DOWN_4bit_Sync_Behavioral_src.vhd" sub00/vhpl04 1625414434
AR counter_ud_bhv behavioral "C:/Users/suvra/OneDrive/Desktop/Competitive Programming/UCSTA/VHDL Xilinx/Counter_UP_DOWN_4bit_Sync_Behavioural/Counter_UP_DOWN_4bit_Sync_Behavioral_src.vhd" sub00/vhpl05 1625414435
EN counter_up_down_4bit_sync_behavioural NULL "C:/Users/suvra/OneDrive/Desktop/Competitive Programming/UCSTA/VHDL Xilinx/Counter_UP_DOWN_4bit_Sync_Behavioural/Counter_UP_DOWN_4bit_Sync_Behavioral_src.vhd" sub00/vhpl02 1629210325
EN updown_count NULL "C:/Users/suvra/OneDrive/Desktop/Competitive Programming/UCSTA/VHDL Xilinx/Counter_UP_DOWN_4bit_Sync_Behavioural/Counter_UP_DOWN_4bit_Sync_Behavioral_src.vhd" sub00/vhpl00 1625414223
AR counter_up_down_4bit_sync_behavioural behavioral "C:/Users/suvra/OneDrive/Desktop/Competitive Programming/UCSTA/VHDL Xilinx/Counter_UP_DOWN_4bit_Sync_Behavioural/Counter_UP_DOWN_4bit_Sync_Behavioral_src.vhd" sub00/vhpl03 1629210326
