AR sevensegmentdecoder_dataflow_src dataflow "C:/Users/suvra/OneDrive/Desktop/Competitive Programming/UCSTA/VHDL Xilinx/Seven_segment_decoder_dataflow/Seven_segment_decoder_dataflow.vhd" sub00/vhpl01 1625410981
EN sevensegmentdecoder_dataflow_src NULL "C:/Users/suvra/OneDrive/Desktop/Competitive Programming/UCSTA/VHDL Xilinx/Seven_segment_decoder_dataflow/Seven_segment_decoder_dataflow.vhd" sub00/vhpl00 1625410980
