AR mux4x1_dataflow_src dataflow "C:/Users/suvra/OneDrive/Desktop/Competitive Programming/UCSTA/VHDL Xilinx/mux4x1_dataflow/mux4x1_dataflow_src.vhd" sub00/vhpl01 1625418395
EN mux4x1_dataflow_src NULL "C:/Users/suvra/OneDrive/Desktop/Competitive Programming/UCSTA/VHDL Xilinx/mux4x1_dataflow/mux4x1_dataflow_src.vhd" sub00/vhpl00 1625418394
