V3 3
FL "C:/Users/suvra/OneDrive/Desktop/Competitive Programming/UCSTA/VHDL Xilinx/mux4x1_dataflow/mux4x1_dataflow_src.vhd" 2021/07/04.18:40:42 P.20131013
EN work/mux4x1_dataflow_src 1625418394 \
      FL "C:/Users/suvra/OneDrive/Desktop/Competitive Programming/UCSTA/VHDL Xilinx/mux4x1_dataflow/mux4x1_dataflow_src.vhd" \
      PB ieee/std_logic_1164 1381692176 PB ieee/std_logic_arith 1381692177 \
      PB ieee/STD_LOGIC_UNSIGNED 1381692179
AR work/mux4x1_dataflow_src/Dataflow 1625418395 \
      FL "C:/Users/suvra/OneDrive/Desktop/Competitive Programming/UCSTA/VHDL Xilinx/mux4x1_dataflow/mux4x1_dataflow_src.vhd" \
      EN work/mux4x1_dataflow_src 1625418394
